// Jest Snapshot v1, https://goo.gl/fbAQLP

exports[`Row mount row correctly 1`] = `
<@ligero/row>
  <div
    className="ligero-row ligero-row--wrap"
  />
</@ligero/row>
`;
